../Core/Src/main.c:91:5:main	24	static
../Core/Src/main.c:154:6:SystemClock_Config	88	static
../Core/Src/main.c:201:13:MX_ADC1_Init	56	static
../Core/Src/main.c:269:13:MX_LPUART1_UART_Init	8	static
../Core/Src/main.c:316:13:MX_TIM1_Init	104	static
../Core/Src/main.c:388:13:MX_TIM3_Init	40	static
../Core/Src/main.c:431:13:MX_DMA_Init	16	static
../Core/Src/main.c:450:13:MX_GPIO_Init	24	static
../Core/Src/main.c:472:1:__io_putchar	16	static
../Core/Src/main.c:484:6:Error_Handler	4	static,ignoring_inline_asm
