../Core/Src/main.c:112:8:convert_adc_to_current	32	static
../Core/Src/main.c:132:5:main	64	static
../Core/Src/main.c:240:6:SystemClock_Config	88	static
../Core/Src/main.c:287:13:MX_ADC1_Init	56	static
../Core/Src/main.c:359:13:MX_LPUART1_UART_Init	8	static
../Core/Src/main.c:406:13:MX_TIM1_Init	104	static
../Core/Src/main.c:478:13:MX_TIM3_Init	40	static
../Core/Src/main.c:521:13:MX_DMA_Init	16	static
../Core/Src/main.c:540:13:MX_GPIO_Init	24	static
../Core/Src/main.c:562:1:__io_putchar	16	static
../Core/Src/main.c:574:6:Error_Handler	4	static,ignoring_inline_asm
